13:14:18.898 [main                     ] DEBUG Logger               - Configured Logger
13:14:18.904 [main                     ] DEBUG GameApplication      - Logging settings
Title: LBYCPOB Credits
Version: 1.0
Width: 1280
Height: 720
Fullscreen: true
Intro: false
Profiling: false
Single step:false
App Mode: DEVELOPER
Menu Key: ESCAPE
Stage Style: DECORATED
Scene Factory: class com.almasb.fxgl.app.scene.SceneFactory

13:14:20.731 [JavaFX Application Thread] DEBUG FXGLApplication      - Initializing FXGL
13:14:20.733 [JavaFX Application Thread] INFO  Engine               - FXGL-25 (05.02.2026 22.57) on WINDOWS (J:25.0.3 FX:25.0.1)
13:14:20.734 [JavaFX Application Thread] DEBUG Engine               - JRE Vendor Name: Oracle Corporation
13:14:20.734 [JavaFX Application Thread] DEBUG Engine               - Running on OS: Windows 11 version 10.0
13:14:20.734 [JavaFX Application Thread] DEBUG Engine               - Architecture: amd64
13:14:20.734 [JavaFX Application Thread] INFO  Engine               - Source code and latest versions at: https://github.com/AlmasB/FXGL
13:14:20.734 [JavaFX Application Thread] INFO  Engine               -       Ask questions and discuss at: https://github.com/AlmasB/FXGL/discussions
13:14:20.837 [JavaFX Application Thread] DEBUG PrimaryStageWindow   - Creating a JavaFX scene
13:14:20.956 [JavaFX Application Thread] DEBUG PrimaryStageWindow   - Target settings size: 1280.0 x 720.0
13:14:20.956 [JavaFX Application Thread] DEBUG PrimaryStageWindow   - Scaled scene size:    1280.0 x 720.0
13:14:20.956 [JavaFX Application Thread] DEBUG PrimaryStageWindow   - Scaled ratio: (1.0, 1.0)
13:14:20.957 [JavaFX Application Thread] DEBUG PrimaryStageWindow   - Set initial scene to FXGLStartupScene
13:14:20.960 [JavaFX Application Thread] DEBUG PrimaryStageWindow   - Opening main window
13:14:21.155 [JavaFX Application Thread] DEBUG PrimaryStageWindow   - Window border size: (16.0, 39.0)
13:14:21.155 [JavaFX Application Thread] DEBUG PrimaryStageWindow   - Scaled size: 1280.0 x 720.0
13:14:21.155 [JavaFX Application Thread] DEBUG PrimaryStageWindow   - Scaled ratio: (1.0, 1.0)
13:14:21.155 [JavaFX Application Thread] DEBUG PrimaryStageWindow   - Scene size: 1280.0 x 720.0
13:14:21.155 [JavaFX Application Thread] DEBUG PrimaryStageWindow   - Stage size: 1296.0 x 759.0
13:14:21.207 [JavaFX Application Thread] DEBUG PrimaryStageWindow   - Going fullscreen
13:14:21.212 [FXGL Background Thread 1 ] DEBUG Engine               - Initializing environment variables
13:14:21.241 [FXGL Background Thread 1 ] DEBUG FXGLAssetLoaderServi - User app class for loading assets: class ph.edu.dlsu.lbycpob.lbycpobbulletcredits.Main
13:14:21.242 [FXGL Background Thread 1 ] DEBUG GameApplicationServi - Applying CSS: fxgl_dark.css
13:14:21.242 [FXGL Background Thread 1 ] DEBUG FXGLAssetLoaderServi - Loading from file system: jar:file:/D:/Users/12511706/.m2/repository/com/github/almasb/fxgl/25/fxgl-25.jar!/fxglassets/ui/css/fxgl_dark.css
13:14:21.281 [FXGL Background Thread 1 ] DEBUG GameApplicationServi - Initializing application scenes
13:14:21.366 [FXGL Background Thread 1 ] DEBUG GameWorld            - Game world initialized
13:14:21.417 [FXGL Background Thread 1 ] DEBUG PhysicsWorld         - Physics world initialized: appHeight=720, physics.ppm=50.0
13:14:21.418 [FXGL Background Thread 1 ] DEBUG PhysicsWorld         - Using strategy: BRUTE_FORCE
13:14:21.421 [FXGL Background Thread 1 ] DEBUG GameScene            - Game scene initialized: 1280x720
13:14:21.448 [FXGL Background Thread 1 ] DEBUG FXGL.DefaultMenu     - createMenuBodyGameMenu()
13:14:21.458 [FXGL Background Thread 1 ] DEBUG FXGL.DefaultMenu     - createOptionsMenu()
13:14:21.467 [FXGL Background Thread 1 ] DEBUG FXGLAssetLoaderServi - Loading from file system: jar:file:/D:/Users/12511706/.m2/repository/com/github/almasb/fxgl/25/fxgl-25.jar!/fxglassets/textures/particles/smoke.png
13:14:21.532 [FXGL Background Thread 1 ] DEBUG FXGLAssetLoaderServi - Loading from file system: jar:file:/D:/Users/12511706/.m2/repository/com/github/almasb/fxgl/25/fxgl-25.jar!/fxglassets/textures/particles/trace_horizontal.png
13:14:21.546 [FXGL Background Thread 1 ] DEBUG GameApplicationServi - Application scenes initialized
13:14:21.556 [FXGL Background Thread 1 ] DEBUG SystemBundleService  - Loading FXGL system data
13:14:21.557 [FXGL Background Thread 1 ] DEBUG FileSystemAccess     - Reading from: D:\Users\12511706\Downloads\LBYCPOBBulletCredits\system\fxgl.bundle
13:14:21.559 [FXGL Background Thread 1 ] DEBUG SystemBundleService  - Bundle FXGL: {}
13:14:21.560 [FXGL Background Thread 1 ] DEBUG UpdaterService       - Checking for updates
13:14:21.562 [FXGL Background Thread 4 ] DEBUG FXGLApplication      - Loading fonts
13:14:21.562 [FXGL Background Thread 4 ] DEBUG FXGLAssetLoaderServi - Loading from file system: jar:file:/D:/Users/12511706/.m2/repository/com/github/almasb/fxgl/25/fxgl-25.jar!/fxglassets/ui/fonts/VarelaRound-Regular.ttf
13:14:21.562 [FXGL Background Thread 1 ] DEBUG FXGLApplication      - Loading default localization
13:14:21.562 [FXGL Background Thread 1 ] DEBUG FXGLAssetLoaderServi - Loading from file system: jar:file:/D:/Users/12511706/.m2/repository/com/github/almasb/fxgl/25/fxgl-25.jar!/fxglassets/languages/english.lang
13:14:21.579 [FXGL Background Thread 4 ] DEBUG FXGLAssetLoaderServi - Loading from file system: jar:file:/D:/Users/12511706/.m2/repository/com/github/almasb/fxgl/25/fxgl-25.jar!/fxglassets/ui/fonts/Abel-Regular.ttf
13:14:21.581 [FXGL Background Thread 1 ] INFO  FXGLApplication      - FXGL initialization took: 0.369 sec
13:14:21.586 [FXGL Background Thread 4 ] DEBUG FXGLAssetLoaderServi - Loading from file system: jar:file:/D:/Users/12511706/.m2/repository/com/github/almasb/fxgl/25/fxgl-25.jar!/fxglassets/ui/fonts/TerminalLandMono-Regular.otf
13:14:21.587 [JavaFX Application Thread] DEBUG Input                - Registered new binding: Direction W - W
13:14:21.588 [JavaFX Application Thread] DEBUG Input                - Registered new binding: Direction UP - Up
13:14:21.588 [JavaFX Application Thread] DEBUG Input                - Registered new binding: Direction S - S
13:14:21.588 [JavaFX Application Thread] DEBUG Input                - Registered new binding: Direction DOWN - Down
13:14:21.588 [JavaFX Application Thread] DEBUG Input                - Registered new binding: Direction A - A
13:14:21.588 [JavaFX Application Thread] DEBUG Input                - Registered new binding: Direction LEFT - Left
13:14:21.588 [JavaFX Application Thread] DEBUG Input                - Registered new binding: Direction D - D
13:14:21.588 [JavaFX Application Thread] DEBUG Input                - Registered new binding: Direction RIGHT - Right
13:14:21.589 [JavaFX Application Thread] DEBUG Input                - Registered new binding: Start Game - Enter
13:14:21.589 [JavaFX Application Thread] DEBUG Input                - Registered new binding: Pause - P
13:14:21.589 [JavaFX Application Thread] DEBUG Input                - Registered new binding: Retry - R
13:14:21.589 [JavaFX Application Thread] DEBUG Input                - Registered new binding: Exit Game - Esc
13:14:21.589 [JavaFX Application Thread] DEBUG FXGLAssetLoaderServi - Loading from file system: jar:file:/D:/Users/12511706/.m2/repository/com/github/almasb/fxgl/25/fxgl-25.jar!/fxglassets/textures/fxgl_icon.png
13:14:21.594 [FXGL Background Thread 4 ] DEBUG FXGLAssetLoaderServi - Loading from file system: jar:file:/D:/Users/12511706/.m2/repository/com/github/almasb/fxgl/25/fxgl-25.jar!/fxglassets/ui/fonts/Courier-Prime.ttf
13:14:21.600 [JavaFX Application Thread] DEBUG FXGLAssetLoaderServi - Loading from file system: jar:file:/D:/Users/12511706/.m2/repository/com/github/almasb/fxgl/25/fxgl-25.jar!/fxglassets/textures/fxgl_default_cursor.png
13:14:21.601 [JavaFX Application Thread] DEBUG Input                - Registered new binding: Screenshot - CTRL+8
13:14:21.602 [JavaFX Application Thread] DEBUG Input                - Registered new binding: System info dump - CTRL+9
13:14:21.603 [JavaFX Application Thread] DEBUG Input                - Registered new binding: Restart - CTRL+R
13:14:21.605 [JavaFX Application Thread] DEBUG Input                - Registered new binding: Toggle Debug Camera - CTRL+7
13:14:21.606 [JavaFX Application Thread] DEBUG LoopRunner           - Starting loop
13:14:21.606 [JavaFX Application Thread] DEBUG LoopRunner           - Initializing JavaFX AnimationTimerLoop
13:14:21.608 [JavaFX Application Thread] DEBUG GameApplicationServi - Starting new game
13:14:21.608 [JavaFX Application Thread] DEBUG Input                - Clearing active input actions
13:14:21.615 [JavaFX Application Thread] DEBUG GameApplicationServi - Removing overlay from FXGLStartupScene and adding to FXGLLoadingScene
13:14:21.616 [JavaFX Application Thread] DEBUG PrimaryStageWindow   - FXGLStartupScene -> FXGLLoadingScene
13:14:21.616 [JavaFX Application Thread] DEBUG GameApplicationServi - Clearing previous game
13:14:21.616 [JavaFX Application Thread] DEBUG GameScene            - Clearing game scene
13:14:21.616 [JavaFX Application Thread] DEBUG GameWorld            - Clearing game world
13:14:21.616 [JavaFX Application Thread] DEBUG PhysicsWorld         - Clearing physics world
13:14:21.617 [FXGL Background Thread 4 ] DEBUG FXGLApplication      - Initializing game
13:14:21.618 [JavaFX Application Thread] DEBUG FXGLApplication      - Registering font factories with UI factory
13:14:21.754 [FXGL Background Thread 4 ] INFO  FXGLApplication      - Game initialization took: 0.137 sec
13:14:21.763 [JavaFX Application Thread] DEBUG Input                - Clearing active input actions
13:14:21.769 [JavaFX Application Thread] DEBUG GameApplicationServi - Removing overlay from FXGLLoadingScene and adding to GameScene
13:14:21.769 [JavaFX Application Thread] DEBUG PrimaryStageWindow   - FXGLLoadingScene -> GameScene
13:14:24.562 [FXGL Background Thread 3 ] DEBUG Engine               - Logging environment variables
13:14:24.562 [FXGL Background Thread 3 ] DEBUG Engine               - achievements: []
13:14:24.563 [FXGL Background Thread 3 ] DEBUG Engine               - actualHeight: 1080.0
13:14:24.563 [FXGL Background Thread 3 ] DEBUG Engine               - actualHeightProperty: ReadOnlyDoubleProperty [value: 1080.0]
13:14:24.563 [FXGL Background Thread 3 ] DEBUG Engine               - actualWidth: 1920.0
13:14:24.563 [FXGL Background Thread 3 ] DEBUG Engine               - actualWidthProperty: ReadOnlyDoubleProperty [value: 1920.0]
13:14:24.563 [FXGL Background Thread 3 ] DEBUG Engine               - appIcon: fxgl_icon.png
13:14:24.563 [FXGL Background Thread 3 ] DEBUG Engine               - applicationMode: DEVELOPER
13:14:24.563 [FXGL Background Thread 3 ] DEBUG Engine               - cSSList: [fxgl_dark.css]
13:14:24.563 [FXGL Background Thread 3 ] DEBUG Engine               - collisionDetectionStrategy: BRUTE_FORCE
13:14:24.563 [FXGL Background Thread 3 ] DEBUG Engine               - configClass: Optional.empty
13:14:24.563 [FXGL Background Thread 3 ] DEBUG Engine               - credits: []
13:14:24.563 [FXGL Background Thread 3 ] DEBUG Engine               - defaultCursor: CursorInfo(imageName=fxgl_default_cursor.png, hotspotX=7.0, hotspotY=6.0)
13:14:24.563 [FXGL Background Thread 3 ] DEBUG Engine               - devBBoxColorProperty: ObjectProperty [value: 0xff0000ff]
13:14:24.563 [FXGL Background Thread 3 ] DEBUG Engine               - devEnableDebugCameraProperty: BooleanProperty [value: false]
13:14:24.563 [FXGL Background Thread 3 ] DEBUG Engine               - devSensorColorProperty: ObjectProperty [value: 0xffff00ff]
13:14:24.563 [FXGL Background Thread 3 ] DEBUG Engine               - devShowBBoxProperty: BooleanProperty [value: false]
13:14:24.563 [FXGL Background Thread 3 ] DEBUG Engine               - devShowPositionProperty: BooleanProperty [value: false]
13:14:24.563 [FXGL Background Thread 3 ] DEBUG Engine               - enabledMenuItems: []
13:14:24.563 [FXGL Background Thread 3 ] DEBUG Engine               - engineServices: [class com.almasb.fxgl.app.services.FXGLAssetLoaderService, class com.almasb.fxgl.app.FXGLApplication$GameApplicationService, class com.almasb.fxgl.app.services.FXGLDialogService, class com.almasb.fxgl.app.services.IOTaskExecutorService, class com.almasb.fxgl.io.FileSystemService, class com.almasb.fxgl.localization.LocalizationService, class com.almasb.fxgl.app.services.SystemBundleService, class com.almasb.fxgl.profile.SaveLoadService, class com.almasb.fxgl.ui.FXGLUIFactoryServiceProvider, class com.almasb.fxgl.ui.FXGLDialogFactoryServiceProvider, class com.almasb.fxgl.audio.AudioPlayer, class com.almasb.fxgl.notification.impl.NotificationServiceProvider, class com.almasb.fxgl.achievement.AchievementService, class com.almasb.fxgl.cutscene.CutsceneService, class com.almasb.fxgl.minigames.MiniGameService, class com.almasb.fxgl.net.NetService, class com.almasb.fxgl.app.services.UpdaterService, class com.almasb.fxgl.dev.DevService]
13:14:24.563 [FXGL Background Thread 3 ] DEBUG Engine               - fontGame: Abel-Regular.ttf
13:14:24.563 [FXGL Background Thread 3 ] DEBUG Engine               - fontMono: TerminalLandMono-Regular.otf
13:14:24.563 [FXGL Background Thread 3 ] DEBUG Engine               - fontSizeScaleUI: 1.0
13:14:24.563 [FXGL Background Thread 3 ] DEBUG Engine               - fontText: Courier-Prime.ttf
13:14:24.563 [FXGL Background Thread 3 ] DEBUG Engine               - fontUI: VarelaRound-Regular.ttf
13:14:24.563 [FXGL Background Thread 3 ] DEBUG Engine               - fpsRefreshRate: 500.0 ms
13:14:24.563 [FXGL Background Thread 3 ] DEBUG Engine               - fullScreen: BooleanProperty [value: true]
13:14:24.563 [FXGL Background Thread 3 ] DEBUG Engine               - gameDifficulty: MEDIUM
13:14:24.563 [FXGL Background Thread 3 ] DEBUG Engine               - gameDifficultyProperty: ObjectProperty [value: MEDIUM]
13:14:24.564 [FXGL Background Thread 3 ] DEBUG Engine               - globalMusicVolume: 0.5
13:14:24.564 [FXGL Background Thread 3 ] DEBUG Engine               - globalMusicVolumeProperty: DoubleProperty [value: 0.5]
13:14:24.564 [FXGL Background Thread 3 ] DEBUG Engine               - globalSoundVolume: 0.5
13:14:24.564 [FXGL Background Thread 3 ] DEBUG Engine               - globalSoundVolumeProperty: DoubleProperty [value: 0.5]
13:14:24.564 [FXGL Background Thread 3 ] DEBUG Engine               - height: 720
13:14:24.564 [FXGL Background Thread 3 ] DEBUG Engine               - is3D: false
13:14:24.564 [FXGL Background Thread 3 ] DEBUG Engine               - isAndroid: false
13:14:24.564 [FXGL Background Thread 3 ] DEBUG Engine               - isBrowser: false
13:14:24.564 [FXGL Background Thread 3 ] DEBUG Engine               - isClickFeedbackEnabled: false
13:14:24.564 [FXGL Background Thread 3 ] DEBUG Engine               - isCloseConfirmation: false
13:14:24.564 [FXGL Background Thread 3 ] DEBUG Engine               - isDesktop: true
13:14:24.564 [FXGL Background Thread 3 ] DEBUG Engine               - isDeveloperMenuEnabled: false
13:14:24.564 [FXGL Background Thread 3 ] DEBUG Engine               - isEmbedded: false
13:14:24.564 [FXGL Background Thread 3 ] DEBUG Engine               - isEntityPreloadEnabled: true
13:14:24.564 [FXGL Background Thread 3 ] DEBUG Engine               - isExperimentalTiledLargeMap: false
13:14:24.564 [FXGL Background Thread 3 ] DEBUG Engine               - isFileSystemWriteAllowed: true
13:14:24.564 [FXGL Background Thread 3 ] DEBUG Engine               - isFullScreenAllowed: true
13:14:24.564 [FXGL Background Thread 3 ] DEBUG Engine               - isFullScreenFromStart: true
13:14:24.564 [FXGL Background Thread 3 ] DEBUG Engine               - isGameMenuEnabled: true
13:14:24.564 [FXGL Background Thread 3 ] DEBUG Engine               - isIOS: false
13:14:24.564 [FXGL Background Thread 3 ] DEBUG Engine               - isIntroEnabled: false
13:14:24.564 [FXGL Background Thread 3 ] DEBUG Engine               - isLinux: false
13:14:24.564 [FXGL Background Thread 3 ] DEBUG Engine               - isMac: false
13:14:24.564 [FXGL Background Thread 3 ] DEBUG Engine               - isMainMenuEnabled: false
13:14:24.564 [FXGL Background Thread 3 ] DEBUG Engine               - isManualResizeEnabled: false
13:14:24.564 [FXGL Background Thread 3 ] DEBUG Engine               - isMobile: false
13:14:24.564 [FXGL Background Thread 3 ] DEBUG Engine               - isNative: false
13:14:24.565 [FXGL Background Thread 3 ] DEBUG Engine               - isPauseMusicWhenMinimized: true
13:14:24.565 [FXGL Background Thread 3 ] DEBUG Engine               - isPreserveResizeRatio: false
13:14:24.565 [FXGL Background Thread 3 ] DEBUG Engine               - isProfilingEnabled: false
13:14:24.565 [FXGL Background Thread 3 ] DEBUG Engine               - isScaleAffectedOnResize: true
13:14:24.565 [FXGL Background Thread 3 ] DEBUG Engine               - isSingleStep: false
13:14:24.565 [FXGL Background Thread 3 ] DEBUG Engine               - isUserProfileEnabled: false
13:14:24.565 [FXGL Background Thread 3 ] DEBUG Engine               - isWindows: true
13:14:24.565 [FXGL Background Thread 3 ] DEBUG Engine               - language: ObjectProperty [value: ENGLISH]
13:14:24.565 [FXGL Background Thread 3 ] DEBUG Engine               - menuKey: ESCAPE
13:14:24.565 [FXGL Background Thread 3 ] DEBUG Engine               - mouseSensitivity: 0.2
13:14:24.565 [FXGL Background Thread 3 ] DEBUG Engine               - notificationViewClass: class com.almasb.fxgl.notification.view.XboxNotificationView
13:14:24.565 [FXGL Background Thread 3 ] DEBUG Engine               - pixelsPerMeter: 50.0
13:14:24.565 [FXGL Background Thread 3 ] DEBUG Engine               - platform: WINDOWS
13:14:24.565 [FXGL Background Thread 3 ] DEBUG Engine               - prefHeightProperty: ReadOnlyDoubleProperty [value: 720.0]
13:14:24.565 [FXGL Background Thread 3 ] DEBUG Engine               - prefWidthProperty: ReadOnlyDoubleProperty [value: 1280.0]
13:14:24.565 [FXGL Background Thread 3 ] DEBUG Engine               - profileDir: profiles/
13:14:24.565 [FXGL Background Thread 3 ] DEBUG Engine               - profileName: StringProperty [value: DEFAULT]
13:14:24.565 [FXGL Background Thread 3 ] DEBUG Engine               - randomSeed: -1
13:14:24.565 [FXGL Background Thread 3 ] DEBUG Engine               - runtimeInfo: RuntimeInfo(platform=WINDOWS, version=25, build=05.02.2026 22.57)
13:14:24.565 [FXGL Background Thread 3 ] DEBUG Engine               - saveFileExt: sav
13:14:24.565 [FXGL Background Thread 3 ] DEBUG Engine               - scaledHeightProp$fxgl: DoubleProperty [bound, value: 1080.0]
13:14:24.565 [FXGL Background Thread 3 ] DEBUG Engine               - scaledWidthProp$fxgl: DoubleProperty [bound, value: 1920.0]
13:14:24.565 [FXGL Background Thread 3 ] DEBUG Engine               - sceneFactory: com.almasb.fxgl.app.scene.SceneFactory@6451e5fc
13:14:24.565 [FXGL Background Thread 3 ] DEBUG Engine               - secondsIn24h: 60
13:14:24.565 [FXGL Background Thread 3 ] DEBUG Engine               - soundMenuBack: menu/back.wav
13:14:24.565 [FXGL Background Thread 3 ] DEBUG Engine               - soundMenuPress: menu/press.wav
13:14:24.565 [FXGL Background Thread 3 ] DEBUG Engine               - soundMenuSelect: menu/select.wav
13:14:24.565 [FXGL Background Thread 3 ] DEBUG Engine               - soundNotification: core/notification.wav
13:14:24.565 [FXGL Background Thread 3 ] DEBUG Engine               - stageStyle: DECORATED
13:14:24.565 [FXGL Background Thread 3 ] DEBUG Engine               - supportedLanguages: [ENGLISH, FRENCH, GERMAN, HUNGARIAN, RUSSIAN]
13:14:24.565 [FXGL Background Thread 3 ] DEBUG Engine               - ticksPerSecond: -1
13:14:24.565 [FXGL Background Thread 3 ] DEBUG Engine               - title: LBYCPOB Credits
13:14:24.565 [FXGL Background Thread 3 ] DEBUG Engine               - urlGithub: https://github.com/AlmasB/FXGL
13:14:24.565 [FXGL Background Thread 3 ] DEBUG Engine               - urlLeaderboard: http://fxgl-top.herokuapp.com/
13:14:24.565 [FXGL Background Thread 3 ] DEBUG Engine               - urlPOM: https://raw.githubusercontent.com/AlmasB/FXGL/release/README.md
13:14:24.565 [FXGL Background Thread 3 ] DEBUG Engine               - userAppClass: class ph.edu.dlsu.lbycpob.lbycpobbulletcredits.Main
13:14:24.565 [FXGL Background Thread 3 ] DEBUG Engine               - version: 1.0
13:14:24.565 [FXGL Background Thread 3 ] DEBUG Engine               - versionCheckDays: 7
13:14:24.565 [FXGL Background Thread 3 ] DEBUG Engine               - width: 1280
13:14:24.565 [FXGL Background Thread 3 ] DEBUG Engine               - Logging services
13:14:24.565 [FXGL Background Thread 3 ] DEBUG Engine               - class com.almasb.fxgl.app.services.FXGLAssetLoaderService
13:14:24.565 [FXGL Background Thread 3 ] DEBUG Engine               - class com.almasb.fxgl.app.FXGLApplication$GameApplicationService
13:14:24.565 [FXGL Background Thread 3 ] DEBUG Engine               - class com.almasb.fxgl.app.services.FXGLDialogService
13:14:24.565 [FXGL Background Thread 3 ] DEBUG Engine               - class com.almasb.fxgl.app.services.IOTaskExecutorService
13:14:24.565 [FXGL Background Thread 3 ] DEBUG Engine               - class com.almasb.fxgl.io.FileSystemService
13:14:24.565 [FXGL Background Thread 3 ] DEBUG Engine               - class com.almasb.fxgl.localization.LocalizationService
13:14:24.565 [FXGL Background Thread 3 ] DEBUG Engine               - class com.almasb.fxgl.app.services.SystemBundleService
13:14:24.565 [FXGL Background Thread 3 ] DEBUG Engine               - class com.almasb.fxgl.profile.SaveLoadService
13:14:24.565 [FXGL Background Thread 3 ] DEBUG Engine               - class com.almasb.fxgl.ui.FXGLUIFactoryServiceProvider
13:14:24.565 [FXGL Background Thread 3 ] DEBUG Engine               - class com.almasb.fxgl.ui.FXGLDialogFactoryServiceProvider
13:14:24.565 [FXGL Background Thread 3 ] DEBUG Engine               - class com.almasb.fxgl.audio.AudioPlayer
13:14:24.566 [FXGL Background Thread 3 ] DEBUG Engine               - class com.almasb.fxgl.notification.impl.NotificationServiceProvider
13:14:24.566 [FXGL Background Thread 3 ] DEBUG Engine               - class com.almasb.fxgl.achievement.AchievementService
13:14:24.566 [FXGL Background Thread 3 ] DEBUG Engine               - class com.almasb.fxgl.cutscene.CutsceneService
13:14:24.566 [FXGL Background Thread 3 ] DEBUG Engine               - class com.almasb.fxgl.minigames.MiniGameService
13:14:24.566 [FXGL Background Thread 3 ] DEBUG Engine               - class com.almasb.fxgl.net.NetService
13:14:24.566 [FXGL Background Thread 3 ] DEBUG Engine               - class com.almasb.fxgl.app.services.UpdaterService
13:14:24.566 [FXGL Background Thread 3 ] DEBUG Engine               - class com.almasb.fxgl.dev.DevService
13:14:26.866 [JavaFX Application Thread] DEBUG FXGLAssetLoaderServi - Loading from file system: file:/D:/Users/12511706/Downloads/LBYCPOBBulletCredits/target/classes/assets/music/battle-theme.mp3
13:14:27.515 [JavaFX Application Thread] DEBUG AudioPlayer          - Playing music com.almasb.fxgl.audio.Music@6c8e0bd6
13:14:27.519 [JavaFX Application Thread] DEBUG FXGLAssetLoaderServi - Loading from file system: file:/D:/Users/12511706/Downloads/LBYCPOBBulletCredits/target/classes/assets/music/shoot_loop.mp3
13:14:27.539 [JavaFX Application Thread] DEBUG AudioPlayer          - Playing music com.almasb.fxgl.audio.Music@31c2d18b
13:14:30.835 [JavaFX Application Thread] DEBUG FXGLAssetLoaderServi - Loading from file system: file:/D:/Users/12511706/Downloads/LBYCPOBBulletCredits/target/classes/assets/music/word_hit.mp3
13:14:30.843 [JavaFX Application Thread] DEBUG AudioPlayer          - Playing music com.almasb.fxgl.audio.Music@1e84f3d7
13:14:31.506 [JavaFX Application Thread] DEBUG AudioPlayer          - Playing music com.almasb.fxgl.audio.Music@1e84f3d7
13:14:31.554 [JavaFX Application Thread] DEBUG AudioPlayer          - Playing music com.almasb.fxgl.audio.Music@1e84f3d7
13:14:31.632 [JavaFX Application Thread] DEBUG FXGLAssetLoaderServi - Loading from file system: file:/D:/Users/12511706/Downloads/LBYCPOBBulletCredits/target/classes/assets/music/explosion.mp3
13:14:31.652 [JavaFX Application Thread] DEBUG AudioPlayer          - Playing music com.almasb.fxgl.audio.Music@4bfb5fcf
13:14:33.723 [JavaFX Application Thread] DEBUG AudioPlayer          - Playing music com.almasb.fxgl.audio.Music@1e84f3d7
13:14:35.251 [JavaFX Application Thread] DEBUG AudioPlayer          - Playing music com.almasb.fxgl.audio.Music@4bfb5fcf
13:14:36.946 [JavaFX Application Thread] DEBUG AudioPlayer          - Playing music com.almasb.fxgl.audio.Music@1e84f3d7
13:14:36.978 [JavaFX Application Thread] DEBUG FXGLAssetLoaderServi - Loading from file system: file:/D:/Users/12511706/Downloads/LBYCPOBBulletCredits/target/classes/assets/music/damage.mp3
13:14:36.992 [JavaFX Application Thread] DEBUG AudioPlayer          - Playing music com.almasb.fxgl.audio.Music@3f53c3d4
13:14:42.557 [JavaFX Application Thread] DEBUG AudioPlayer          - Playing music com.almasb.fxgl.audio.Music@1e84f3d7
13:14:42.674 [JavaFX Application Thread] DEBUG AudioPlayer          - Playing music com.almasb.fxgl.audio.Music@1e84f3d7
13:14:42.815 [JavaFX Application Thread] DEBUG AudioPlayer          - Playing music com.almasb.fxgl.audio.Music@4bfb5fcf
13:14:44.348 [JavaFX Application Thread] DEBUG AudioPlayer          - Playing music com.almasb.fxgl.audio.Music@3f53c3d4
13:14:47.491 [JavaFX Application Thread] DEBUG AudioPlayer          - Playing music com.almasb.fxgl.audio.Music@3f53c3d4
13:14:51.203 [JavaFX Application Thread] DEBUG AudioPlayer          - Playing music com.almasb.fxgl.audio.Music@3f53c3d4
13:15:02.131 [JavaFX Application Thread] DEBUG AudioPlayer          - Playing music com.almasb.fxgl.audio.Music@1e84f3d7
13:15:02.256 [JavaFX Application Thread] DEBUG AudioPlayer          - Playing music com.almasb.fxgl.audio.Music@1e84f3d7
13:15:02.381 [JavaFX Application Thread] DEBUG AudioPlayer          - Playing music com.almasb.fxgl.audio.Music@1e84f3d7
13:15:02.514 [JavaFX Application Thread] DEBUG AudioPlayer          - Playing music com.almasb.fxgl.audio.Music@4bfb5fcf
13:15:03.923 [JavaFX Application Thread] DEBUG FXGLAssetLoaderServi - Loading from file system: file:/D:/Users/12511706/Downloads/LBYCPOBBulletCredits/target/classes/assets/music/boss_hit.mp3
13:15:03.939 [JavaFX Application Thread] DEBUG AudioPlayer          - Playing music com.almasb.fxgl.audio.Music@4d9dc35d
13:15:04.239 [JavaFX Application Thread] DEBUG AudioPlayer          - Playing music com.almasb.fxgl.audio.Music@4d9dc35d
13:15:04.555 [JavaFX Application Thread] DEBUG AudioPlayer          - Playing music com.almasb.fxgl.audio.Music@4d9dc35d
13:15:04.864 [JavaFX Application Thread] DEBUG AudioPlayer          - Playing music com.almasb.fxgl.audio.Music@4d9dc35d
13:15:05.181 [JavaFX Application Thread] DEBUG AudioPlayer          - Playing music com.almasb.fxgl.audio.Music@4d9dc35d
13:15:05.490 [JavaFX Application Thread] DEBUG AudioPlayer          - Playing music com.almasb.fxgl.audio.Music@4d9dc35d
13:15:05.806 [JavaFX Application Thread] DEBUG AudioPlayer          - Playing music com.almasb.fxgl.audio.Music@4d9dc35d
13:15:05.890 [JavaFX Application Thread] DEBUG AudioPlayer          - Playing music com.almasb.fxgl.audio.Music@4d9dc35d
13:15:05.955 [JavaFX Application Thread] DEBUG AudioPlayer          - Playing music com.almasb.fxgl.audio.Music@4d9dc35d
13:15:06.064 [JavaFX Application Thread] DEBUG AudioPlayer          - Playing music com.almasb.fxgl.audio.Music@4d9dc35d
13:15:06.114 [JavaFX Application Thread] DEBUG AudioPlayer          - Playing music com.almasb.fxgl.audio.Music@4d9dc35d
13:15:06.179 [JavaFX Application Thread] DEBUG AudioPlayer          - Playing music com.almasb.fxgl.audio.Music@4d9dc35d
13:15:06.289 [JavaFX Application Thread] DEBUG AudioPlayer          - Playing music com.almasb.fxgl.audio.Music@4d9dc35d
13:15:06.398 [JavaFX Application Thread] DEBUG AudioPlayer          - Playing music com.almasb.fxgl.audio.Music@4d9dc35d
13:15:06.431 [JavaFX Application Thread] DEBUG AudioPlayer          - Playing music com.almasb.fxgl.audio.Music@4d9dc35d
13:15:06.499 [JavaFX Application Thread] DEBUG AudioPlayer          - Playing music com.almasb.fxgl.audio.Music@4d9dc35d
13:15:06.622 [JavaFX Application Thread] DEBUG AudioPlayer          - Playing music com.almasb.fxgl.audio.Music@4d9dc35d
13:15:06.731 [JavaFX Application Thread] DEBUG AudioPlayer          - Playing music com.almasb.fxgl.audio.Music@4d9dc35d
13:15:06.738 [JavaFX Application Thread] DEBUG AudioPlayer          - Playing music com.almasb.fxgl.audio.Music@4d9dc35d
13:15:06.848 [JavaFX Application Thread] DEBUG AudioPlayer          - Playing music com.almasb.fxgl.audio.Music@4d9dc35d
13:15:06.973 [JavaFX Application Thread] DEBUG AudioPlayer          - Playing music com.almasb.fxgl.audio.Music@4d9dc35d
13:15:07.089 [JavaFX Application Thread] DEBUG AudioPlayer          - Playing music com.almasb.fxgl.audio.Music@4d9dc35d
13:15:07.106 [JavaFX Application Thread] DEBUG AudioPlayer          - Playing music com.almasb.fxgl.audio.Music@4d9dc35d
13:15:07.231 [JavaFX Application Thread] DEBUG AudioPlayer          - Playing music com.almasb.fxgl.audio.Music@4d9dc35d
13:15:07.356 [JavaFX Application Thread] DEBUG AudioPlayer          - Playing music com.almasb.fxgl.audio.Music@4d9dc35d
13:15:07.439 [JavaFX Application Thread] DEBUG AudioPlayer          - Playing music com.almasb.fxgl.audio.Music@4d9dc35d
13:15:07.490 [JavaFX Application Thread] DEBUG AudioPlayer          - Playing music com.almasb.fxgl.audio.Music@4d9dc35d
13:15:07.683 [JavaFX Application Thread] DEBUG AudioPlayer          - Playing music com.almasb.fxgl.audio.Music@4d9dc35d
13:15:07.789 [JavaFX Application Thread] DEBUG AudioPlayer          - Playing music com.almasb.fxgl.audio.Music@4d9dc35d
13:15:07.923 [JavaFX Application Thread] DEBUG AudioPlayer          - Playing music com.almasb.fxgl.audio.Music@4bfb5fcf
13:15:11.406 [JavaFX Application Thread] DEBUG AudioPlayer          - Playing music com.almasb.fxgl.audio.Music@1e84f3d7
13:15:11.840 [JavaFX Application Thread] DEBUG AudioPlayer          - Playing music com.almasb.fxgl.audio.Music@1e84f3d7
13:15:11.955 [JavaFX Application Thread] DEBUG AudioPlayer          - Playing music com.almasb.fxgl.audio.Music@1e84f3d7
13:15:12.081 [JavaFX Application Thread] DEBUG AudioPlayer          - Playing music com.almasb.fxgl.audio.Music@1e84f3d7
13:15:12.211 [JavaFX Application Thread] DEBUG AudioPlayer          - Playing music com.almasb.fxgl.audio.Music@4bfb5fcf
13:15:13.619 [JavaFX Application Thread] DEBUG AudioPlayer          - Playing music com.almasb.fxgl.audio.Music@1e84f3d7
13:15:13.747 [JavaFX Application Thread] DEBUG AudioPlayer          - Playing music com.almasb.fxgl.audio.Music@1e84f3d7
13:15:13.872 [JavaFX Application Thread] DEBUG AudioPlayer          - Playing music com.almasb.fxgl.audio.Music@4bfb5fcf
13:15:15.539 [JavaFX Application Thread] DEBUG AudioPlayer          - Playing music com.almasb.fxgl.audio.Music@1e84f3d7
13:15:15.664 [JavaFX Application Thread] DEBUG AudioPlayer          - Playing music com.almasb.fxgl.audio.Music@1e84f3d7
13:15:15.795 [JavaFX Application Thread] DEBUG AudioPlayer          - Playing music com.almasb.fxgl.audio.Music@1e84f3d7
13:15:15.923 [JavaFX Application Thread] DEBUG AudioPlayer          - Playing music com.almasb.fxgl.audio.Music@4bfb5fcf
13:15:16.820 [JavaFX Application Thread] DEBUG AudioPlayer          - Playing music com.almasb.fxgl.audio.Music@3f53c3d4
13:15:17.072 [JavaFX Application Thread] DEBUG AudioPlayer          - Playing music com.almasb.fxgl.audio.Music@1e84f3d7
13:15:19.923 [JavaFX Application Thread] DEBUG AudioPlayer          - Playing music com.almasb.fxgl.audio.Music@1e84f3d7
13:15:20.047 [JavaFX Application Thread] DEBUG AudioPlayer          - Playing music com.almasb.fxgl.audio.Music@1e84f3d7
13:15:20.172 [JavaFX Application Thread] DEBUG AudioPlayer          - Playing music com.almasb.fxgl.audio.Music@1e84f3d7
13:15:20.555 [JavaFX Application Thread] DEBUG AudioPlayer          - Playing music com.almasb.fxgl.audio.Music@4bfb5fcf
13:15:21.889 [JavaFX Application Thread] DEBUG AudioPlayer          - Playing music com.almasb.fxgl.audio.Music@4d9dc35d
13:15:22.206 [JavaFX Application Thread] DEBUG AudioPlayer          - Playing music com.almasb.fxgl.audio.Music@4d9dc35d
13:15:22.514 [JavaFX Application Thread] DEBUG AudioPlayer          - Playing music com.almasb.fxgl.audio.Music@4d9dc35d
13:15:22.831 [JavaFX Application Thread] DEBUG AudioPlayer          - Playing music com.almasb.fxgl.audio.Music@4d9dc35d
13:15:23.072 [JavaFX Application Thread] DEBUG AudioPlayer          - Playing music com.almasb.fxgl.audio.Music@4d9dc35d
13:15:23.122 [JavaFX Application Thread] DEBUG AudioPlayer          - Playing music com.almasb.fxgl.audio.Music@4d9dc35d
13:15:23.139 [JavaFX Application Thread] DEBUG AudioPlayer          - Playing music com.almasb.fxgl.audio.Music@4d9dc35d
13:15:23.163 [JavaFX Application Thread] DEBUG AudioPlayer          - Playing music com.almasb.fxgl.audio.Music@4d9dc35d
13:15:23.203 [JavaFX Application Thread] DEBUG AudioPlayer          - Playing music com.almasb.fxgl.audio.Music@4d9dc35d
13:15:23.214 [JavaFX Application Thread] DEBUG AudioPlayer          - Playing music com.almasb.fxgl.audio.Music@4d9dc35d
13:15:23.231 [JavaFX Application Thread] DEBUG AudioPlayer          - Playing music com.almasb.fxgl.audio.Music@4d9dc35d
13:15:23.297 [JavaFX Application Thread] DEBUG AudioPlayer          - Playing music com.almasb.fxgl.audio.Music@4d9dc35d
13:15:23.406 [JavaFX Application Thread] DEBUG AudioPlayer          - Playing music com.almasb.fxgl.audio.Music@4d9dc35d
13:15:23.456 [JavaFX Application Thread] DEBUG AudioPlayer          - Playing music com.almasb.fxgl.audio.Music@4d9dc35d
13:15:23.522 [JavaFX Application Thread] DEBUG AudioPlayer          - Playing music com.almasb.fxgl.audio.Music@4d9dc35d
13:15:23.631 [JavaFX Application Thread] DEBUG AudioPlayer          - Playing music com.almasb.fxgl.audio.Music@4d9dc35d
13:15:23.747 [JavaFX Application Thread] DEBUG AudioPlayer          - Playing music com.almasb.fxgl.audio.Music@4d9dc35d
13:15:23.763 [JavaFX Application Thread] DEBUG AudioPlayer          - Playing music com.almasb.fxgl.audio.Music@4d9dc35d
13:15:23.855 [JavaFX Application Thread] DEBUG AudioPlayer          - Playing music com.almasb.fxgl.audio.Music@4d9dc35d
13:15:23.955 [JavaFX Application Thread] DEBUG AudioPlayer          - Playing music com.almasb.fxgl.audio.Music@4d9dc35d
13:15:24.081 [JavaFX Application Thread] DEBUG AudioPlayer          - Playing music com.almasb.fxgl.audio.Music@4d9dc35d
13:15:24.081 [JavaFX Application Thread] DEBUG AudioPlayer          - Playing music com.almasb.fxgl.audio.Music@4d9dc35d
13:15:24.189 [JavaFX Application Thread] DEBUG AudioPlayer          - Playing music com.almasb.fxgl.audio.Music@4d9dc35d
13:15:24.306 [JavaFX Application Thread] DEBUG AudioPlayer          - Playing music com.almasb.fxgl.audio.Music@4d9dc35d
13:15:24.387 [JavaFX Application Thread] DEBUG AudioPlayer          - Playing music com.almasb.fxgl.audio.Music@4d9dc35d
13:15:24.414 [JavaFX Application Thread] DEBUG AudioPlayer          - Playing music com.almasb.fxgl.audio.Music@4d9dc35d
13:15:24.531 [JavaFX Application Thread] DEBUG AudioPlayer          - Playing music com.almasb.fxgl.audio.Music@4d9dc35d
13:15:24.639 [JavaFX Application Thread] DEBUG AudioPlayer          - Playing music com.almasb.fxgl.audio.Music@4d9dc35d
13:15:24.705 [JavaFX Application Thread] DEBUG AudioPlayer          - Playing music com.almasb.fxgl.audio.Music@4d9dc35d
13:15:24.770 [JavaFX Application Thread] DEBUG AudioPlayer          - Playing music com.almasb.fxgl.audio.Music@4d9dc35d
13:15:24.989 [JavaFX Application Thread] DEBUG AudioPlayer          - Playing music com.almasb.fxgl.audio.Music@4d9dc35d
13:15:25.039 [JavaFX Application Thread] DEBUG AudioPlayer          - Playing music com.almasb.fxgl.audio.Music@4d9dc35d
13:15:25.235 [JavaFX Application Thread] DEBUG AudioPlayer          - Playing music com.almasb.fxgl.audio.Music@4d9dc35d
13:15:25.373 [JavaFX Application Thread] DEBUG AudioPlayer          - Playing music com.almasb.fxgl.audio.Music@4bfb5fcf
13:15:28.705 [JavaFX Application Thread] DEBUG AudioPlayer          - Playing music com.almasb.fxgl.audio.Music@1e84f3d7
13:15:28.818 [JavaFX Application Thread] DEBUG AudioPlayer          - Playing music com.almasb.fxgl.audio.Music@1e84f3d7
13:15:29.597 [JavaFX Application Thread] DEBUG AudioPlayer          - Playing music com.almasb.fxgl.audio.Music@1e84f3d7
13:15:29.731 [JavaFX Application Thread] DEBUG AudioPlayer          - Playing music com.almasb.fxgl.audio.Music@1e84f3d7
13:15:29.856 [JavaFX Application Thread] DEBUG AudioPlayer          - Playing music com.almasb.fxgl.audio.Music@1e84f3d7
13:15:29.980 [JavaFX Application Thread] DEBUG AudioPlayer          - Playing music com.almasb.fxgl.audio.Music@1e84f3d7
13:15:30.114 [JavaFX Application Thread] DEBUG AudioPlayer          - Playing music com.almasb.fxgl.audio.Music@4bfb5fcf
13:15:31.138 [JavaFX Application Thread] DEBUG AudioPlayer          - Playing music com.almasb.fxgl.audio.Music@1e84f3d7
13:15:31.251 [JavaFX Application Thread] DEBUG AudioPlayer          - Playing music com.almasb.fxgl.audio.Music@1e84f3d7
13:15:31.388 [JavaFX Application Thread] DEBUG AudioPlayer          - Playing music com.almasb.fxgl.audio.Music@4bfb5fcf
13:15:32.530 [JavaFX Application Thread] DEBUG AudioPlayer          - Playing music com.almasb.fxgl.audio.Music@1e84f3d7
13:15:32.643 [JavaFX Application Thread] DEBUG AudioPlayer          - Playing music com.almasb.fxgl.audio.Music@1e84f3d7
13:15:33.027 [JavaFX Application Thread] DEBUG AudioPlayer          - Playing music com.almasb.fxgl.audio.Music@1e84f3d7
13:15:33.422 [JavaFX Application Thread] DEBUG AudioPlayer          - Playing music com.almasb.fxgl.audio.Music@1e84f3d7
13:15:33.546 [JavaFX Application Thread] DEBUG AudioPlayer          - Playing music com.almasb.fxgl.audio.Music@1e84f3d7
13:15:33.667 [JavaFX Application Thread] DEBUG AudioPlayer          - Playing music com.almasb.fxgl.audio.Music@1e84f3d7
13:15:33.806 [JavaFX Application Thread] DEBUG AudioPlayer          - Playing music com.almasb.fxgl.audio.Music@1e84f3d7
13:15:33.939 [JavaFX Application Thread] DEBUG AudioPlayer          - Playing music com.almasb.fxgl.audio.Music@1e84f3d7
13:15:34.051 [JavaFX Application Thread] DEBUG AudioPlayer          - Playing music com.almasb.fxgl.audio.Music@4bfb5fcf
13:15:34.080 [JavaFX Application Thread] DEBUG AudioPlayer          - Playing music com.almasb.fxgl.audio.Music@3f53c3d4
13:15:37.472 [JavaFX Application Thread] DEBUG AudioPlayer          - Playing music com.almasb.fxgl.audio.Music@4bfb5fcf
13:15:38.787 [JavaFX Application Thread] DEBUG AudioPlayer          - Playing music com.almasb.fxgl.audio.Music@4d9dc35d
13:15:38.881 [JavaFX Application Thread] DEBUG AudioPlayer          - Playing music com.almasb.fxgl.audio.Music@4d9dc35d
13:15:39.089 [JavaFX Application Thread] DEBUG AudioPlayer          - Playing music com.almasb.fxgl.audio.Music@4d9dc35d
13:15:39.171 [JavaFX Application Thread] DEBUG AudioPlayer          - Playing music com.almasb.fxgl.audio.Music@4d9dc35d
13:15:39.186 [JavaFX Application Thread] DEBUG AudioPlayer          - Playing music com.almasb.fxgl.audio.Music@4d9dc35d
13:15:39.283 [JavaFX Application Thread] DEBUG AudioPlayer          - Playing music com.almasb.fxgl.audio.Music@4d9dc35d
13:15:39.405 [JavaFX Application Thread] DEBUG AudioPlayer          - Playing music com.almasb.fxgl.audio.Music@4d9dc35d
13:15:39.406 [JavaFX Application Thread] DEBUG AudioPlayer          - Playing music com.almasb.fxgl.audio.Music@4d9dc35d
13:15:39.505 [JavaFX Application Thread] DEBUG AudioPlayer          - Playing music com.almasb.fxgl.audio.Music@4d9dc35d
13:15:39.521 [JavaFX Application Thread] DEBUG AudioPlayer          - Playing music com.almasb.fxgl.audio.Music@4d9dc35d
13:15:39.631 [JavaFX Application Thread] DEBUG AudioPlayer          - Playing music com.almasb.fxgl.audio.Music@4d9dc35d
13:15:39.730 [JavaFX Application Thread] DEBUG AudioPlayer          - Playing music com.almasb.fxgl.audio.Music@4d9dc35d
13:15:39.746 [JavaFX Application Thread] DEBUG AudioPlayer          - Playing music com.almasb.fxgl.audio.Music@4d9dc35d
13:15:39.811 [JavaFX Application Thread] DEBUG AudioPlayer          - Playing music com.almasb.fxgl.audio.Music@4d9dc35d
13:15:39.855 [JavaFX Application Thread] DEBUG AudioPlayer          - Playing music com.almasb.fxgl.audio.Music@4d9dc35d
13:15:39.971 [JavaFX Application Thread] DEBUG AudioPlayer          - Playing music com.almasb.fxgl.audio.Music@4d9dc35d
13:15:40.030 [JavaFX Application Thread] DEBUG AudioPlayer          - Playing music com.almasb.fxgl.audio.Music@4d9dc35d
13:15:40.080 [JavaFX Application Thread] DEBUG AudioPlayer          - Playing music com.almasb.fxgl.audio.Music@4d9dc35d
13:15:40.130 [JavaFX Application Thread] DEBUG AudioPlayer          - Playing music com.almasb.fxgl.audio.Music@4d9dc35d
13:15:40.195 [JavaFX Application Thread] DEBUG AudioPlayer          - Playing music com.almasb.fxgl.audio.Music@4d9dc35d
13:15:40.323 [JavaFX Application Thread] DEBUG AudioPlayer          - Playing music com.almasb.fxgl.audio.Music@4d9dc35d
13:15:40.355 [JavaFX Application Thread] DEBUG AudioPlayer          - Playing music com.almasb.fxgl.audio.Music@4d9dc35d
13:15:40.430 [JavaFX Application Thread] DEBUG AudioPlayer          - Playing music com.almasb.fxgl.audio.Music@4d9dc35d
13:15:40.435 [JavaFX Application Thread] DEBUG AudioPlayer          - Playing music com.almasb.fxgl.audio.Music@4d9dc35d
13:15:40.547 [JavaFX Application Thread] DEBUG AudioPlayer          - Playing music com.almasb.fxgl.audio.Music@4d9dc35d
13:15:40.655 [JavaFX Application Thread] DEBUG AudioPlayer          - Playing music com.almasb.fxgl.audio.Music@4d9dc35d
13:15:40.672 [JavaFX Application Thread] DEBUG AudioPlayer          - Playing music com.almasb.fxgl.audio.Music@4d9dc35d
13:15:40.755 [JavaFX Application Thread] DEBUG AudioPlayer          - Playing music com.almasb.fxgl.audio.Music@4d9dc35d
13:15:40.763 [JavaFX Application Thread] DEBUG AudioPlayer          - Playing music com.almasb.fxgl.audio.Music@4d9dc35d
13:15:40.880 [JavaFX Application Thread] DEBUG AudioPlayer          - Playing music com.almasb.fxgl.audio.Music@4d9dc35d
13:15:40.978 [JavaFX Application Thread] DEBUG AudioPlayer          - Playing music com.almasb.fxgl.audio.Music@4d9dc35d
13:15:40.995 [JavaFX Application Thread] DEBUG AudioPlayer          - Playing music com.almasb.fxgl.audio.Music@4d9dc35d
13:15:41.058 [JavaFX Application Thread] DEBUG AudioPlayer          - Playing music com.almasb.fxgl.audio.Music@4d9dc35d
13:15:41.105 [JavaFX Application Thread] DEBUG AudioPlayer          - Playing music com.almasb.fxgl.audio.Music@4d9dc35d
13:15:41.230 [JavaFX Application Thread] DEBUG AudioPlayer          - Playing music com.almasb.fxgl.audio.Music@4d9dc35d
13:15:41.280 [JavaFX Application Thread] DEBUG AudioPlayer          - Playing music com.almasb.fxgl.audio.Music@4d9dc35d
13:15:41.346 [JavaFX Application Thread] DEBUG AudioPlayer          - Playing music com.almasb.fxgl.audio.Music@4d9dc35d
13:15:41.372 [JavaFX Application Thread] DEBUG AudioPlayer          - Playing music com.almasb.fxgl.audio.Music@4bfb5fcf
13:15:44.722 [JavaFX Application Thread] DEBUG AudioPlayer          - Playing music com.almasb.fxgl.audio.Music@1e84f3d7
13:15:44.830 [JavaFX Application Thread] DEBUG AudioPlayer          - Playing music com.almasb.fxgl.audio.Music@1e84f3d7
13:15:45.388 [JavaFX Application Thread] DEBUG AudioPlayer          - Playing music com.almasb.fxgl.audio.Music@1e84f3d7
13:15:45.522 [JavaFX Application Thread] DEBUG AudioPlayer          - Playing music com.almasb.fxgl.audio.Music@1e84f3d7
13:15:45.647 [JavaFX Application Thread] DEBUG AudioPlayer          - Playing music com.almasb.fxgl.audio.Music@1e84f3d7
13:15:45.779 [JavaFX Application Thread] DEBUG AudioPlayer          - Playing music com.almasb.fxgl.audio.Music@1e84f3d7
13:15:45.905 [JavaFX Application Thread] DEBUG AudioPlayer          - Playing music com.almasb.fxgl.audio.Music@1e84f3d7
13:15:46.031 [JavaFX Application Thread] DEBUG AudioPlayer          - Playing music com.almasb.fxgl.audio.Music@4bfb5fcf
13:15:47.313 [JavaFX Application Thread] DEBUG AudioPlayer          - Playing music com.almasb.fxgl.audio.Music@1e84f3d7
13:15:47.438 [JavaFX Application Thread] DEBUG AudioPlayer          - Playing music com.almasb.fxgl.audio.Music@1e84f3d7
13:15:47.891 [JavaFX Application Thread] DEBUG AudioPlayer          - Playing music com.almasb.fxgl.audio.Music@3f53c3d4
13:15:49.388 [JavaFX Application Thread] DEBUG AudioPlayer          - Playing music com.almasb.fxgl.audio.Music@1e84f3d7
13:15:49.522 [JavaFX Application Thread] DEBUG AudioPlayer          - Playing music com.almasb.fxgl.audio.Music@1e84f3d7
13:15:49.588 [JavaFX Application Thread] DEBUG AudioPlayer          - Playing music com.almasb.fxgl.audio.Music@4bfb5fcf
13:15:49.588 [JavaFX Application Thread] DEBUG AudioPlayer          - Playing music com.almasb.fxgl.audio.Music@4bfb5fcf
13:15:49.647 [JavaFX Application Thread] DEBUG AudioPlayer          - Playing music com.almasb.fxgl.audio.Music@1e84f3d7
13:15:49.772 [JavaFX Application Thread] DEBUG AudioPlayer          - Playing music com.almasb.fxgl.audio.Music@1e84f3d7
13:15:49.905 [JavaFX Application Thread] DEBUG AudioPlayer          - Playing music com.almasb.fxgl.audio.Music@1e84f3d7
13:15:50.671 [JavaFX Application Thread] DEBUG AudioPlayer          - Playing music com.almasb.fxgl.audio.Music@1e84f3d7
13:15:50.797 [JavaFX Application Thread] DEBUG AudioPlayer          - Playing music com.almasb.fxgl.audio.Music@4bfb5fcf
13:15:51.330 [JavaFX Application Thread] DEBUG AudioPlayer          - Playing music com.almasb.fxgl.audio.Music@3f53c3d4
13:15:52.146 [JavaFX Application Thread] DEBUG AudioPlayer          - Playing music com.almasb.fxgl.audio.Music@4bfb5fcf
13:15:54.322 [JavaFX Application Thread] DEBUG AudioPlayer          - Playing music com.almasb.fxgl.audio.Music@1e84f3d7
13:15:54.447 [JavaFX Application Thread] DEBUG AudioPlayer          - Playing music com.almasb.fxgl.audio.Music@1e84f3d7
13:15:54.588 [JavaFX Application Thread] DEBUG AudioPlayer          - Playing music com.almasb.fxgl.audio.Music@1e84f3d7
13:15:54.704 [JavaFX Application Thread] DEBUG AudioPlayer          - Playing music com.almasb.fxgl.audio.Music@1e84f3d7
13:15:54.829 [JavaFX Application Thread] DEBUG AudioPlayer          - Playing music com.almasb.fxgl.audio.Music@1e84f3d7
13:15:54.963 [JavaFX Application Thread] DEBUG AudioPlayer          - Playing music com.almasb.fxgl.audio.Music@1e84f3d7
13:15:55.088 [JavaFX Application Thread] DEBUG AudioPlayer          - Playing music com.almasb.fxgl.audio.Music@4bfb5fcf
13:16:00.988 [JavaFX Application Thread] DEBUG AudioPlayer          - Playing music com.almasb.fxgl.audio.Music@3f53c3d4
13:16:03.247 [JavaFX Application Thread] DEBUG AudioPlayer          - Playing music com.almasb.fxgl.audio.Music@1e84f3d7
13:16:04.529 [JavaFX Application Thread] DEBUG AudioPlayer          - Playing music com.almasb.fxgl.audio.Music@4bfb5fcf
13:16:07.680 [JavaFX Application Thread] DEBUG AudioPlayer          - Playing music com.almasb.fxgl.audio.Music@4d9dc35d
13:16:07.795 [JavaFX Application Thread] DEBUG AudioPlayer          - Playing music com.almasb.fxgl.audio.Music@4d9dc35d
13:16:07.905 [JavaFX Application Thread] DEBUG AudioPlayer          - Playing music com.almasb.fxgl.audio.Music@4d9dc35d
13:16:08.013 [JavaFX Application Thread] DEBUG AudioPlayer          - Playing music com.almasb.fxgl.audio.Music@4d9dc35d
13:16:08.130 [JavaFX Application Thread] DEBUG AudioPlayer          - Playing music com.almasb.fxgl.audio.Music@4d9dc35d
13:16:08.238 [JavaFX Application Thread] DEBUG AudioPlayer          - Playing music com.almasb.fxgl.audio.Music@4d9dc35d
13:16:08.338 [JavaFX Application Thread] DEBUG AudioPlayer          - Playing music com.almasb.fxgl.audio.Music@4d9dc35d
13:16:08.429 [JavaFX Application Thread] DEBUG AudioPlayer          - Playing music com.almasb.fxgl.audio.Music@4d9dc35d
13:16:08.546 [JavaFX Application Thread] DEBUG AudioPlayer          - Playing music com.almasb.fxgl.audio.Music@4d9dc35d
13:16:08.655 [JavaFX Application Thread] DEBUG AudioPlayer          - Playing music com.almasb.fxgl.audio.Music@4d9dc35d
13:16:08.771 [JavaFX Application Thread] DEBUG AudioPlayer          - Playing music com.almasb.fxgl.audio.Music@4d9dc35d
13:16:08.880 [JavaFX Application Thread] DEBUG AudioPlayer          - Playing music com.almasb.fxgl.audio.Music@4d9dc35d
13:16:09.004 [JavaFX Application Thread] DEBUG AudioPlayer          - Playing music com.almasb.fxgl.audio.Music@4d9dc35d
13:16:09.138 [JavaFX Application Thread] DEBUG AudioPlayer          - Playing music com.almasb.fxgl.audio.Music@4d9dc35d
13:16:09.263 [JavaFX Application Thread] DEBUG AudioPlayer          - Playing music com.almasb.fxgl.audio.Music@4d9dc35d
13:16:09.388 [JavaFX Application Thread] DEBUG AudioPlayer          - Playing music com.almasb.fxgl.audio.Music@4d9dc35d
13:16:09.521 [JavaFX Application Thread] DEBUG AudioPlayer          - Playing music com.almasb.fxgl.audio.Music@4d9dc35d
13:16:09.646 [JavaFX Application Thread] DEBUG AudioPlayer          - Playing music com.almasb.fxgl.audio.Music@4d9dc35d
13:16:09.779 [JavaFX Application Thread] DEBUG AudioPlayer          - Playing music com.almasb.fxgl.audio.Music@4d9dc35d
13:16:09.905 [JavaFX Application Thread] DEBUG AudioPlayer          - Playing music com.almasb.fxgl.audio.Music@4d9dc35d
13:16:10.029 [JavaFX Application Thread] DEBUG AudioPlayer          - Playing music com.almasb.fxgl.audio.Music@4d9dc35d
13:16:10.163 [JavaFX Application Thread] DEBUG AudioPlayer          - Playing music com.almasb.fxgl.audio.Music@4d9dc35d
13:16:10.288 [JavaFX Application Thread] DEBUG AudioPlayer          - Playing music com.almasb.fxgl.audio.Music@4d9dc35d
13:16:10.414 [JavaFX Application Thread] DEBUG AudioPlayer          - Playing music com.almasb.fxgl.audio.Music@4d9dc35d
13:16:10.547 [JavaFX Application Thread] DEBUG AudioPlayer          - Playing music com.almasb.fxgl.audio.Music@4d9dc35d
13:16:10.671 [JavaFX Application Thread] DEBUG AudioPlayer          - Playing music com.almasb.fxgl.audio.Music@4d9dc35d
13:16:10.796 [JavaFX Application Thread] DEBUG AudioPlayer          - Playing music com.almasb.fxgl.audio.Music@4d9dc35d
13:16:10.929 [JavaFX Application Thread] DEBUG AudioPlayer          - Playing music com.almasb.fxgl.audio.Music@4d9dc35d
13:16:11.054 [JavaFX Application Thread] DEBUG AudioPlayer          - Playing music com.almasb.fxgl.audio.Music@4d9dc35d
13:16:11.180 [JavaFX Application Thread] DEBUG AudioPlayer          - Playing music com.almasb.fxgl.audio.Music@4d9dc35d
13:16:11.299 [JavaFX Application Thread] DEBUG AudioPlayer          - Playing music com.almasb.fxgl.audio.Music@4d9dc35d
13:16:11.405 [JavaFX Application Thread] DEBUG AudioPlayer          - Playing music com.almasb.fxgl.audio.Music@3f53c3d4
13:16:11.421 [JavaFX Application Thread] DEBUG AudioPlayer          - Playing music com.almasb.fxgl.audio.Music@4d9dc35d
13:16:11.554 [JavaFX Application Thread] DEBUG AudioPlayer          - Playing music com.almasb.fxgl.audio.Music@4d9dc35d
13:16:11.680 [JavaFX Application Thread] DEBUG AudioPlayer          - Playing music com.almasb.fxgl.audio.Music@4d9dc35d
13:16:11.804 [JavaFX Application Thread] DEBUG AudioPlayer          - Playing music com.almasb.fxgl.audio.Music@4d9dc35d
13:16:11.938 [JavaFX Application Thread] DEBUG AudioPlayer          - Playing music com.almasb.fxgl.audio.Music@4d9dc35d
13:16:13.613 [JavaFX Application Thread] DEBUG AudioPlayer          - Playing music com.almasb.fxgl.audio.Music@4d9dc35d
13:16:16.946 [JavaFX Application Thread] DEBUG AudioPlayer          - Playing music com.almasb.fxgl.audio.Music@3f53c3d4
13:16:19.979 [JavaFX Application Thread] DEBUG AudioPlayer          - Playing music com.almasb.fxgl.audio.Music@3f53c3d4
13:16:22.463 [JavaFX Application Thread] DEBUG AudioPlayer          - Playing music com.almasb.fxgl.audio.Music@4d9dc35d
13:16:22.587 [JavaFX Application Thread] DEBUG AudioPlayer          - Playing music com.almasb.fxgl.audio.Music@4d9dc35d
13:16:22.721 [JavaFX Application Thread] DEBUG AudioPlayer          - Playing music com.almasb.fxgl.audio.Music@4d9dc35d
13:16:22.963 [JavaFX Application Thread] DEBUG AudioPlayer          - Playing music com.almasb.fxgl.audio.Music@4d9dc35d
13:16:23.088 [JavaFX Application Thread] DEBUG AudioPlayer          - Playing music com.almasb.fxgl.audio.Music@4d9dc35d
13:16:23.146 [JavaFX Application Thread] DEBUG AudioPlayer          - Playing music com.almasb.fxgl.audio.Music@4d9dc35d
13:16:23.180 [JavaFX Application Thread] DEBUG AudioPlayer          - Playing music com.almasb.fxgl.audio.Music@4d9dc35d
13:16:23.313 [JavaFX Application Thread] DEBUG AudioPlayer          - Playing music com.almasb.fxgl.audio.Music@4d9dc35d
13:16:23.406 [JavaFX Application Thread] DEBUG AudioPlayer          - Playing music com.almasb.fxgl.audio.Music@3f53c3d4
13:16:23.440 [JavaFX Application Thread] DEBUG AudioPlayer          - Playing music com.almasb.fxgl.audio.Music@4d9dc35d
13:16:23.563 [JavaFX Application Thread] DEBUG AudioPlayer          - Playing music com.almasb.fxgl.audio.Music@4d9dc35d
13:16:23.696 [JavaFX Application Thread] DEBUG AudioPlayer          - Playing music com.almasb.fxgl.audio.Music@4d9dc35d
13:16:23.821 [JavaFX Application Thread] DEBUG AudioPlayer          - Playing music com.almasb.fxgl.audio.Music@4d9dc35d
13:16:23.946 [JavaFX Application Thread] DEBUG AudioPlayer          - Playing music com.almasb.fxgl.audio.Music@4d9dc35d
13:16:24.063 [JavaFX Application Thread] DEBUG AudioPlayer          - Playing music com.almasb.fxgl.audio.Music@4bfb5fcf
13:16:26.531 [JavaFX Application Thread] DEBUG AudioPlayer          - Playing music com.almasb.fxgl.audio.Music@3f53c3d4
13:16:26.533 [JavaFX Application Thread] DEBUG AudioPlayer          - Stopping music com.almasb.fxgl.audio.Music@31c2d18b
13:16:26.763 [JavaFX Application Thread] DEBUG AudioPlayer          - Playing music com.almasb.fxgl.audio.Music@4d9dc35d
13:16:26.897 [JavaFX Application Thread] DEBUG AudioPlayer          - Playing music com.almasb.fxgl.audio.Music@4d9dc35d
13:16:27.021 [JavaFX Application Thread] DEBUG AudioPlayer          - Playing music com.almasb.fxgl.audio.Music@4d9dc35d
13:16:29.363 [JavaFX Application Thread] DEBUG PrimaryStageWindow   - Push state: FXGLDefaultMenu
13:16:29.369 [JavaFX Application Thread] DEBUG Input                - Clearing active input actions
13:16:29.391 [JavaFX Application Thread] DEBUG GameApplicationServi - Removing overlay from GameScene and adding to FXGLDefaultMenu
13:16:29.391 [JavaFX Application Thread] DEBUG PrimaryStageWindow   - GameScene -> FXGLDefaultMenu
13:16:30.586 [JavaFX Application Thread] DEBUG Menu                 - fireExit()
13:16:30.586 [JavaFX Application Thread] DEBUG PrimaryStageWindow   - Push state: DialogSubScene
13:16:30.586 [JavaFX Application Thread] DEBUG Input                - Clearing active input actions
13:16:30.587 [JavaFX Application Thread] DEBUG GameApplicationServi - Removing overlay from FXGLDefaultMenu and adding to DialogSubScene
13:16:30.587 [JavaFX Application Thread] DEBUG PrimaryStageWindow   - FXGLDefaultMenu -> DialogSubScene
13:16:31.531 [JavaFX Application Thread] DEBUG PrimaryStageWindow   - Pop state: DialogSubScene
13:16:31.531 [JavaFX Application Thread] DEBUG Input                - Clearing active input actions
13:16:31.531 [JavaFX Application Thread] DEBUG GameApplicationServi - Removing overlay from DialogSubScene and adding to FXGLDefaultMenu
13:16:31.531 [JavaFX Application Thread] DEBUG PrimaryStageWindow   - FXGLDefaultMenu <- DialogSubScene
13:16:31.532 [JavaFX Application Thread] DEBUG FXGLApplication      - Exiting FXGL
13:16:31.532 [JavaFX Application Thread] DEBUG LoopRunner           - Stopping loop
13:16:31.532 [JavaFX Application Thread] DEBUG SystemBundleService  - Saving FXGL system data
13:16:31.535 [JavaFX Application Thread] DEBUG FileSystemAccess     - Writing to: D:\Users\12511706\Downloads\LBYCPOBBulletCredits\system\fxgl.bundle
13:16:31.536 [JavaFX Application Thread] DEBUG Async                - Shutting down background threads
13:16:31.536 [JavaFX Application Thread] DEBUG PrimaryStageWindow   - Closing main window
13:16:31.555 [JavaFX Application Thread] DEBUG Logger               - Closing Logger
